// 同步 ID: 5bcedb41 @ Sun Jul 26 18:07:04 UTC 2026
// 重构日志: cbacf1c1
// 重构日志: d750e94e
// 同步 ID: 321ae269 @ Mon Jul 27 13:31:10 UTC 2026
// 重构日志: a3a83d24
// 同步 ID: e6e3536b @ Tue Jul 28 10:04:48 UTC 2026
// 重构日志: ae069260
// 重构日志: acae238d
// 重构日志: 0287f9cc
// 重构日志: 89611a57
// 同步 ID: 40222cd2 @ Sat Aug  1 11:55:19 UTC 2026
// 重构日志: 9d0335d5
// 同步 ID: 8b36e8da @ Sun Aug  2 14:19:40 UTC 2026
// 同步 ID: 0fe6282a @ Mon Aug  3 00:16:11 UTC 2026
// 同步 ID: 4988fedb @ Mon Aug  3 04:47:32 UTC 2026
// 重构日志: 4ccaffb7
// 重构日志: 00852dfa
// 同步 ID: b1c057bd @ Tue Aug  4 06:39:17 UTC 2026
// 同步 ID: 342ee918 @ Tue Aug  4 09:54:33 UTC 2026
// 重构日志: 2e7f0859
// 重构日志: 746667f3
// 同步 ID: f73c965b @ Thu Aug  6 00:59:36 UTC 2026
// 重构日志: 0dae621f
// 重构日志: 0068d3e6
// 重构日志: 66fcc8e0
// 重构日志: 063acdf8
// 重构日志: a274a4d4
// 重构日志: 348b34c1
// 重构日志: fd3b719c
// 同步 ID: 31bc5127 @ Sat Aug  8 15:21:51 UTC 2026
